---
source: src/parser.rs
expression: "parse_crontab(\"1-30/2 1 1 1 * Asia/Shanghai\").unwrap()"
---
Crontab {
    minutes: PossibleLiterals {
        values: {
            1,
            3,
            5,
            7,
            9,
            11,
            13,
            15,
            17,
            19,
            21,
            23,
            25,
            27,
            29,
        },
    },
    hours: PossibleLiterals {
        values: {
            1,
        },
    },
    months: PossibleLiterals {
        values: {
            1,
        },
    },
    days_of_month: ParsedDaysOfMonth {
        literals: {
            1,
        },
        last_day_of_month: false,
        nearest_weekdays: {},
        start_with_asterisk: false,
    },
    days_of_week: ParsedDaysOfWeek {
        literals: {
            1,
            2,
            3,
            4,
            5,
            6,
            7,
        },
        last_days_of_week: {},
        nth_days_of_week: {},
        start_with_asterisk: true,
    },
    timezone: TimeZone(
        TZif(
            "Asia/Shanghai",
        ),
    ),
}
