---
source: src/parser.rs
expression: "parse_crontab(\"*/2 * * * * UTC\").unwrap()"
---
Crontab {
    minutes: PossibleLiterals {
        values: {
            0,
            2,
            4,
            6,
            8,
            10,
            12,
            14,
            16,
            18,
            20,
            22,
            24,
            26,
            28,
            30,
            32,
            34,
            36,
            38,
            40,
            42,
            44,
            46,
            48,
            50,
            52,
            54,
            56,
            58,
        },
    },
    hours: PossibleLiterals {
        values: {
            0,
            1,
            2,
            3,
            4,
            5,
            6,
            7,
            8,
            9,
            10,
            11,
            12,
            13,
            14,
            15,
            16,
            17,
            18,
            19,
            20,
            21,
            22,
            23,
        },
    },
    months: PossibleLiterals {
        values: {
            1,
            2,
            3,
            4,
            5,
            6,
            7,
            8,
            9,
            10,
            11,
            12,
        },
    },
    days_of_month: ParsedDaysOfMonth {
        literals: {
            1,
            2,
            3,
            4,
            5,
            6,
            7,
            8,
            9,
            10,
            11,
            12,
            13,
            14,
            15,
            16,
            17,
            18,
            19,
            20,
            21,
            22,
            23,
            24,
            25,
            26,
            27,
            28,
            29,
            30,
            31,
        },
        last_day_of_month: false,
        nearest_weekdays: {},
        start_with_asterisk: true,
    },
    days_of_week: ParsedDaysOfWeek {
        literals: {
            1,
            2,
            3,
            4,
            5,
            6,
            7,
        },
        last_days_of_week: {},
        nth_days_of_week: {},
        start_with_asterisk: true,
    },
    timezone: TimeZone(
        "UTC",
    ),
}
