---
source: src/parser.rs
expression: "parse_crontab(\"0\").unwrap_err()"
---
malformed expression:
0
 ^ missing hours
