---
source: src/parser.rs
expression: "parse_crontab(\"0 0 1 */6 * UTC\").unwrap()"
---
Crontab {
    minutes: PossibleLiterals {
        values: {
            0,
        },
    },
    hours: PossibleLiterals {
        values: {
            0,
        },
    },
    months: PossibleLiterals {
        values: {
            1,
            7,
        },
    },
    days_of_month: PossibleLiterals {
        values: {
            1,
        },
    },
    days_of_week: PossibleDaysOfWeek {
        literals: {
            1,
            2,
            3,
            4,
            5,
            6,
            7,
        },
        last_days_of_week: {},
        nth_days_of_week: {},
    },
    timezone: TimeZone(
        "UTC",
    ),
}
