---
source: src/parser.rs
expression: "parse_crontab(\"0 0 * * 1 UTC\").unwrap()"
---
Crontab {
    minutes: PossibleLiterals {
        values: {
            0,
        },
    },
    hours: PossibleLiterals {
        values: {
            0,
        },
    },
    months: PossibleLiterals {
        values: {
            1,
            2,
            3,
            4,
            5,
            6,
            7,
            8,
            9,
            10,
            11,
            12,
        },
    },
    days_of_month: PossibleDaysOfMonth {
        literals: {
            1,
            2,
            3,
            4,
            5,
            6,
            7,
            8,
            9,
            10,
            11,
            12,
            13,
            14,
            15,
            16,
            17,
            18,
            19,
            20,
            21,
            22,
            23,
            24,
            25,
            26,
            27,
            28,
            29,
            30,
            31,
        },
        last_day_of_month: false,
        nearest_weekdays: {},
    },
    days_of_week: PossibleDaysOfWeek {
        literals: {
            1,
        },
        last_days_of_week: {},
        nth_days_of_week: {},
    },
    timezone: TimeZone(
        "UTC",
    ),
}
