---
source: src/parser.rs
expression: "parse_crontab(\"H * * * * UTC\").unwrap_err()"
---
failed to parse crontab expression:
H * * * * UTC
^ malformed expression
