---
source: src/parser.rs
expression: "parse_crontab(\"\").unwrap_err()"
---
failed to parse crontab expression:

^ cannot be empty
