---
source: src/parser.rs
expression: "parse_crontab(\"0 0 1 1\").unwrap_err()"
---
malformed expression:
0 0 1 1
       ^ missing days of week
